(Worker_TP0_DCP0 pid=243) INFO 09-05 01:07:47 [exl3.py:1034] EXL3 E2 native prefill pipeline=m64
(Worker_TP0_DCP0 pid=243) INFO 09-05 01:07:47 [exl3.py:1034] EXL3 E2 native prefill pipeline=m64
(Worker_TP0_DCP0 pid=243) INFO 09-05 01:07:47 [exl3.py:1034] EXL3 E2 native prefill pipeline=m64
(Worker_TP0_DCP0 pid=243) INFO 09-05 01:07:47 [exl3.py:1034] EXL3 E2 native prefill pipeline=m64
(Worker_TP0_DCP0 pid=243) INFO 09-05 01:07:47 [exl3.py:1034] EXL3 E2 native prefill pipeline=m64
(Worker_TP0_DCP0 pid=243) INFO 09-05 01:07:47 [exl3.py:1034] EXL3 E2 native prefill pipeline=m64
(Worker_TP0_DCP0 pid=243) INFO 09-05 01:07:47 [exl3.py:1034] EXL3 E2 native prefill pipeline=m64
(Worker_TP0_DCP0 pid=243) INFO 09-05 01:07:47 [exl3.py:1034] EXL3 E2 native prefill pipeline=m64
(Worker_TP0_DCP0 pid=243) INFO 09-05 01:07:47 [exl3.py:1034] EXL3 E2 native prefill pipeline=m64
(Worker_TP0_DCP0 pid=243) INFO 09-05 01:07:47 [exl3.py:1034] EXL3 E2 native prefill pipeline=m64
(Worker_TP0_DCP0 pid=243) INFO 09-05 01:07:47 [exl3.py:1034] EXL3 E2 native prefill pipeline=m64
(Worker_TP0_DCP0 pid=243) INFO 09-05 01:07:47 [exl3.py:1034] EXL3 E2 native prefill pipeline=m64
(Worker_TP0_DCP0 pid=243) INFO 09-05 01:07:47 [exl3.py:1034] EXL3 E2 native prefill pipeline=m64
(Worker_TP0_DCP0 pid=243) INFO 09-05 01:07:47 [exl3.py:1034] EXL3 E2 native prefill pipeline=m64
(Worker_TP0_DCP0 pid=243) INFO 09-05 01:07:47 [exl3.py:1034] EXL3 E2 native prefill pipeline=m64
(Worker_TP0_DCP0 pid=243) INFO 09-05 01:07:47 [exl3.py:1034] EXL3 E2 native prefill pipeline=m64
(Worker_TP0_DCP0 pid=243) INFO 09-05 01:07:47 [exl3.py:1034] EXL3 E2 native prefill pipeline=m64
(Worker_TP0_DCP0 pid=243) INFO 09-05 01:07:47 [exl3.py:1034] EXL3 E2 native prefill pipeline=m64
(Worker_TP0_DCP0 pid=243) INFO 09-05 01:07:47 [exl3.py:1034] EXL3 E2 native prefill pipeline=m64
(Worker_TP0_DCP0 pid=243) INFO 09-05 01:07:47 [exl3.py:1034] EXL3 E2 native prefill pipeline=m64
(Worker_TP0_DCP0 pid=243) INFO 09-05 01:07:47 [exl3.py:1034] EXL3 E2 native prefill pipeline=m64
(Worker_TP0_DCP0 pid=243) INFO 09-05 01:07:47 [exl3.py:1034] EXL3 E2 native prefill pipeline=m64
(Worker_TP0_DCP0 pid=243) INFO 09-05 01:07:47 [exl3.py:1034] EXL3 E2 native prefill pipeline=m64
(Worker_TP0_DCP0 pid=243) INFO 09-05 01:07:47 [exl3.py:1034] EXL3 E2 native prefill pipeline=m64
(Worker_TP0_DCP0 pid=243) INFO 09-05 01:07:47 [exl3.py:1034] EXL3 E2 native prefill pipeline=m64
(Worker_TP0_DCP0 pid=243) INFO 09-05 01:07:47 [exl3.py:1034] EXL3 E2 native prefill pipeline=m64
(Worker_TP0_DCP0 pid=243) INFO 09-05 01:07:47 [exl3.py:1034] EXL3 E2 native prefill pipeline=m64
(Worker_TP0_DCP0 pid=243) INFO 09-05 01:07:47 [exl3.py:1034] EXL3 E2 native prefill pipeline=m64
(Worker_TP0_DCP0 pid=243) INFO 09-05 01:07:47 [exl3.py:1034] EXL3 E2 native prefill pipeline=m64
(Worker_TP0_DCP0 pid=243) INFO 09-05 01:07:47 [exl3.py:1034] EXL3 E2 native prefill pipeline=m64
(Worker_TP0_DCP0 pid=243) INFO 09-05 01:07:47 [exl3.py:1034] EXL3 E2 native prefill pipeline=m64
(Worker_TP0_DCP0 pid=243) INFO 09-05 01:07:47 [exl3.py:1034] EXL3 E2 native prefill pipeline=m64
(Worker_TP0_DCP0 pid=243) INFO 09-05 01:07:47 [exl3.py:1034] EXL3 E2 native prefill pipeline=m64
(Worker_TP0_DCP0 pid=243) INFO 09-05 01:07:47 [exl3.py:1034] EXL3 E2 native prefill pipeline=m64
(Worker_TP0_DCP0 pid=243) INFO 09-05 01:07:47 [exl3.py:1034] EXL3 E2 native prefill pipeline=m64
(Worker_TP0_DCP0 pid=243) INFO 09-05 01:07:47 [exl3.py:1034] EXL3 E2 native prefill pipeline=m64
(Worker_TP0_DCP0 pid=243) INFO 09-05 01:07:47 [exl3.py:1034] EXL3 E2 native prefill pipeline=m64
(Worker_TP0_DCP0 pid=243) INFO 09-05 01:07:47 [exl3.py:1034] EXL3 E2 native prefill pipeline=m64
(Worker_TP0_DCP0 pid=243) INFO 09-05 01:07:47 [exl3.py:1034] EXL3 E2 native prefill pipeline=m64
(Worker_TP0_DCP0 pid=243) INFO 09-05 01:07:47 [exl3.py:1034] EXL3 E2 native prefill pipeline=m64
(Worker_TP0_DCP0 pid=243) INFO 09-05 01:07:49 [exl3.py:1034] EXL3 E2 native prefill pipeline=m64
(Worker_TP0_DCP0 pid=243) INFO 09-05 01:07:49 [exl3.py:1034] EXL3 E2 native prefill pipeline=m64
(Worker_TP0_DCP0 pid=243) INFO 09-05 01:08:24 [exl3.py:906] EXL3 E2 prefill pipeline changed to off
(Worker_TP0_DCP0 pid=243) INFO 09-05 01:08:30 [speculator.py:235] DFlash2-only CUDA graphs enabled for request batches [1, 2, 3, 4, 5, 6] ([8, 16, 24, 32, 40, 48] query tokens); target graph mode remains unchanged
(EngineCore pid=176) INFO 09-05 01:08:43 [kv_cache_utils.py:2369] GPU KV cache size: 4,914,754 tokens, Maximum concurrency for 1,048,576 tokens per request: 4.69x
(Worker_TP0_DCP0 pid=243) INFO 09-05 01:08:44 [speculator.py:235] DFlash2-only CUDA graphs enabled for request batches [1, 2, 3, 4, 5, 6] ([8, 16, 24, 32, 40, 48] query tokens); target graph mode remains unchanged
(Worker_TP0_DCP0 pid=243) INFO 09-05 01:10:17 [gpu_worker.py:878] CUDA graph pool memory: 0.35 GiB (actual), 1.07 GiB (estimated), difference: 0.72 GiB (207.9%).
(Worker_TP0_DCP0 pid=243) INFO 09-05 01:10:17 [gpu_worker.py:941] Free memory on device (107.71/121.63 GiB) on startup. Desired GPU memory utilization is (0.87, 105.82 GiB). Actual usage is 84.73 GiB for consumed memory (weights + non-torch), 4.85 GiB for peak activation, and 0.35 GiB for CUDAGraph memory. Replace gpu_memory_utilization config with `--kv-cache-memory=16902096344` (15.74 GiB) to fit into requested memory, or `--kv-cache-memory=18933709312` (17.63 GiB) to fully utilize gpu memory. Current kv cache memory in use is 16.24 GiB.
(Worker_TP0_DCP0 pid=243) INFO 09-05 01:16:42 [exl3.py:906] EXL3 E2 prefill pipeline changed to m64
(Worker_TP0_DCP0 pid=243) INFO 09-05 01:21:38 [exl3.py:906] EXL3 E2 prefill pipeline changed to off
(Worker_TP0_DCP0 pid=243) INFO 09-05 01:24:58 [exl3.py:906] EXL3 E2 prefill pipeline changed to m64
