(Worker_TP1_DCP1 pid=189) INFO 09-05 01:04:50 [exl3.py:1034] EXL3 E2 native prefill pipeline=m64
(Worker_TP1_DCP1 pid=189) INFO 09-05 01:04:51 [exl3.py:1034] EXL3 E2 native prefill pipeline=m64
(Worker_TP1_DCP1 pid=189) INFO 09-05 01:04:51 [exl3.py:1034] EXL3 E2 native prefill pipeline=m64
(Worker_TP1_DCP1 pid=189) INFO 09-05 01:04:51 [exl3.py:1034] EXL3 E2 native prefill pipeline=m64
(Worker_TP1_DCP1 pid=189) INFO 09-05 01:04:51 [exl3.py:1034] EXL3 E2 native prefill pipeline=m64
(Worker_TP1_DCP1 pid=189) INFO 09-05 01:04:51 [exl3.py:1034] EXL3 E2 native prefill pipeline=m64
(Worker_TP1_DCP1 pid=189) INFO 09-05 01:04:51 [exl3.py:1034] EXL3 E2 native prefill pipeline=m64
(Worker_TP1_DCP1 pid=189) INFO 09-05 01:04:51 [exl3.py:1034] EXL3 E2 native prefill pipeline=m64
(Worker_TP1_DCP1 pid=189) INFO 09-05 01:04:51 [exl3.py:1034] EXL3 E2 native prefill pipeline=m64
(Worker_TP1_DCP1 pid=189) INFO 09-05 01:04:51 [exl3.py:1034] EXL3 E2 native prefill pipeline=m64
(Worker_TP1_DCP1 pid=189) INFO 09-05 01:04:51 [exl3.py:1034] EXL3 E2 native prefill pipeline=m64
(Worker_TP1_DCP1 pid=189) INFO 09-05 01:04:51 [exl3.py:1034] EXL3 E2 native prefill pipeline=m64
(Worker_TP1_DCP1 pid=189) INFO 09-05 01:04:51 [exl3.py:1034] EXL3 E2 native prefill pipeline=m64
(Worker_TP1_DCP1 pid=189) INFO 09-05 01:04:51 [exl3.py:1034] EXL3 E2 native prefill pipeline=m64
(Worker_TP1_DCP1 pid=189) INFO 09-05 01:04:51 [exl3.py:1034] EXL3 E2 native prefill pipeline=m64
(Worker_TP1_DCP1 pid=189) INFO 09-05 01:04:51 [exl3.py:1034] EXL3 E2 native prefill pipeline=m64
(Worker_TP1_DCP1 pid=189) INFO 09-05 01:04:51 [exl3.py:1034] EXL3 E2 native prefill pipeline=m64
(Worker_TP1_DCP1 pid=189) INFO 09-05 01:04:51 [exl3.py:1034] EXL3 E2 native prefill pipeline=m64
(Worker_TP1_DCP1 pid=189) INFO 09-05 01:04:51 [exl3.py:1034] EXL3 E2 native prefill pipeline=m64
(Worker_TP1_DCP1 pid=189) INFO 09-05 01:04:51 [exl3.py:1034] EXL3 E2 native prefill pipeline=m64
(Worker_TP1_DCP1 pid=189) INFO 09-05 01:04:51 [exl3.py:1034] EXL3 E2 native prefill pipeline=m64
(Worker_TP1_DCP1 pid=189) INFO 09-05 01:04:51 [exl3.py:1034] EXL3 E2 native prefill pipeline=m64
(Worker_TP1_DCP1 pid=189) INFO 09-05 01:04:51 [exl3.py:1034] EXL3 E2 native prefill pipeline=m64
(Worker_TP1_DCP1 pid=189) INFO 09-05 01:04:51 [exl3.py:1034] EXL3 E2 native prefill pipeline=m64
(Worker_TP1_DCP1 pid=189) INFO 09-05 01:04:51 [exl3.py:1034] EXL3 E2 native prefill pipeline=m64
(Worker_TP1_DCP1 pid=189) INFO 09-05 01:04:51 [exl3.py:1034] EXL3 E2 native prefill pipeline=m64
(Worker_TP1_DCP1 pid=189) INFO 09-05 01:04:51 [exl3.py:1034] EXL3 E2 native prefill pipeline=m64
(Worker_TP1_DCP1 pid=189) INFO 09-05 01:04:51 [exl3.py:1034] EXL3 E2 native prefill pipeline=m64
(Worker_TP1_DCP1 pid=189) INFO 09-05 01:04:51 [exl3.py:1034] EXL3 E2 native prefill pipeline=m64
(Worker_TP1_DCP1 pid=189) INFO 09-05 01:04:51 [exl3.py:1034] EXL3 E2 native prefill pipeline=m64
(Worker_TP1_DCP1 pid=189) INFO 09-05 01:04:51 [exl3.py:1034] EXL3 E2 native prefill pipeline=m64
(Worker_TP1_DCP1 pid=189) INFO 09-05 01:04:51 [exl3.py:1034] EXL3 E2 native prefill pipeline=m64
(Worker_TP1_DCP1 pid=189) INFO 09-05 01:04:51 [exl3.py:1034] EXL3 E2 native prefill pipeline=m64
(Worker_TP1_DCP1 pid=189) INFO 09-05 01:04:51 [exl3.py:1034] EXL3 E2 native prefill pipeline=m64
(Worker_TP1_DCP1 pid=189) INFO 09-05 01:04:51 [exl3.py:1034] EXL3 E2 native prefill pipeline=m64
(Worker_TP1_DCP1 pid=189) INFO 09-05 01:04:51 [exl3.py:1034] EXL3 E2 native prefill pipeline=m64
(Worker_TP1_DCP1 pid=189) INFO 09-05 01:04:51 [exl3.py:1034] EXL3 E2 native prefill pipeline=m64
(Worker_TP1_DCP1 pid=189) INFO 09-05 01:04:51 [exl3.py:1034] EXL3 E2 native prefill pipeline=m64
(Worker_TP1_DCP1 pid=189) INFO 09-05 01:04:51 [exl3.py:1034] EXL3 E2 native prefill pipeline=m64
(Worker_TP1_DCP1 pid=189) INFO 09-05 01:04:51 [exl3.py:1034] EXL3 E2 native prefill pipeline=m64
(Worker_TP1_DCP1 pid=189) INFO 09-05 01:05:00 [exl3.py:1034] EXL3 E2 native prefill pipeline=m64
(Worker_TP1_DCP1 pid=189) INFO 09-05 01:05:00 [exl3.py:1034] EXL3 E2 native prefill pipeline=m64
(Worker_TP1_DCP1 pid=189) INFO 09-05 01:08:24 [exl3.py:906] EXL3 E2 prefill pipeline changed to off
(Worker_TP1_DCP1 pid=189) INFO 09-05 01:08:30 [speculator.py:235] DFlash2-only CUDA graphs enabled for request batches [1, 2, 3, 4, 5, 6] ([8, 16, 24, 32, 40, 48] query tokens); target graph mode remains unchanged
(Worker_TP1_DCP1 pid=189) INFO 09-05 01:08:44 [speculator.py:235] DFlash2-only CUDA graphs enabled for request batches [1, 2, 3, 4, 5, 6] ([8, 16, 24, 32, 40, 48] query tokens); target graph mode remains unchanged
(Worker_TP1_DCP1 pid=189) INFO 09-05 01:10:17 [gpu_worker.py:878] CUDA graph pool memory: 0.19 GiB (actual), 0.99 GiB (estimated), difference: 0.8 GiB (416.1%).
(Worker_TP1_DCP1 pid=189) INFO 09-05 01:10:17 [gpu_worker.py:941] Free memory on device (108.5/121.69 GiB) on startup. Desired GPU memory utilization is (0.87, 105.87 GiB). Actual usage is 84.04 GiB for consumed memory (weights + non-torch), 4.77 GiB for peak activation, and 0.19 GiB for CUDAGraph memory. Replace gpu_memory_utilization config with `--kv-cache-memory=17950434571` (16.72 GiB) to fit into requested memory, or `--kv-cache-memory=20772350464` (19.35 GiB) to fully utilize gpu memory. Current kv cache memory in use is 17.06 GiB.
(Worker_TP1_DCP1 pid=189) INFO 09-05 01:16:42 [exl3.py:906] EXL3 E2 prefill pipeline changed to m64
(Worker_TP1_DCP1 pid=189) INFO 09-05 01:21:38 [exl3.py:906] EXL3 E2 prefill pipeline changed to off
(Worker_TP1_DCP1 pid=189) INFO 09-05 01:24:58 [exl3.py:906] EXL3 E2 prefill pipeline changed to m64
